Archive member included to satisfy reference by file (symbol)

/usr/lib/gcc/avr/7.3.0/avr5/libgcc.a(_exit.o)
                              /usr/lib/gcc/avr/7.3.0/../../../avr/lib/avr5/crtatmega16.o (exit)
/usr/lib/gcc/avr/7.3.0/avr5/libgcc.a(_clear_bss.o)
                              ./Src/MCAL/Timer0/Timer0_Program.o (__do_clear_bss)
/usr/lib/gcc/avr/7.3.0/../../../avr/lib/avr5/libm.a(cmpsf2.o)
                              ./Src/HAL/LCD/LCD_Program.o (__ltsf2)
/usr/lib/gcc/avr/7.3.0/../../../avr/lib/avr5/libm.a(fixunssfsi.o)
                              ./Src/HAL/LCD/LCD_Program.o (__fixunssfsi)
/usr/lib/gcc/avr/7.3.0/../../../avr/lib/avr5/libm.a(fp_cmp.o)
                              /usr/lib/gcc/avr/7.3.0/../../../avr/lib/avr5/libm.a(cmpsf2.o) (__fp_cmp)
/usr/lib/gcc/avr/7.3.0/../../../avr/lib/avr5/libm.a(fp_split3.o)
                              /usr/lib/gcc/avr/7.3.0/../../../avr/lib/avr5/libm.a(fixunssfsi.o) (__fp_splitA)
/usr/lib/gcc/avr/7.3.0/../../../avr/lib/avr5/libm.a(fp_zero.o)
                              /usr/lib/gcc/avr/7.3.0/../../../avr/lib/avr5/libm.a(fixunssfsi.o) (__fp_zero)
/usr/lib/gcc/avr/7.3.0/../../../avr/lib/avr5/libm.a(gesf2.o)
                              ./Src/HAL/LCD/LCD_Program.o (__gtsf2)
/usr/lib/gcc/avr/7.3.0/../../../avr/lib/avr5/libm.a(mulsf3.o)
                              ./Src/HAL/LCD/LCD_Program.o (__mulsf3)
/usr/lib/gcc/avr/7.3.0/../../../avr/lib/avr5/libm.a(mulsf3x.o)
                              /usr/lib/gcc/avr/7.3.0/../../../avr/lib/avr5/libm.a(mulsf3.o) (__mulsf3x)
/usr/lib/gcc/avr/7.3.0/../../../avr/lib/avr5/libm.a(fp_inf.o)
                              /usr/lib/gcc/avr/7.3.0/../../../avr/lib/avr5/libm.a(mulsf3x.o) (__fp_inf)
/usr/lib/gcc/avr/7.3.0/../../../avr/lib/avr5/libm.a(fp_nan.o)
                              /usr/lib/gcc/avr/7.3.0/../../../avr/lib/avr5/libm.a(mulsf3x.o) (__fp_nan)
/usr/lib/gcc/avr/7.3.0/../../../avr/lib/avr5/libm.a(fp_pscA.o)
                              /usr/lib/gcc/avr/7.3.0/../../../avr/lib/avr5/libm.a(mulsf3x.o) (__fp_pscA)
/usr/lib/gcc/avr/7.3.0/../../../avr/lib/avr5/libm.a(fp_pscB.o)
                              /usr/lib/gcc/avr/7.3.0/../../../avr/lib/avr5/libm.a(mulsf3x.o) (__fp_pscB)
/usr/lib/gcc/avr/7.3.0/../../../avr/lib/avr5/libm.a(fp_round.o)
                              /usr/lib/gcc/avr/7.3.0/../../../avr/lib/avr5/libm.a(mulsf3.o) (__fp_round)

Memory Configuration

Name             Origin             Length             Attributes
text             0x0000000000000000 0x0000000000004000 xr
data             0x0000000000800060 0x0000000000000400 rw !x
eeprom           0x0000000000810000 0x0000000000000200 rw !x
fuse             0x0000000000820000 0x0000000000000002 rw !x
lock             0x0000000000830000 0x0000000000000400 rw !x
signature        0x0000000000840000 0x0000000000000400 rw !x
user_signatures  0x0000000000850000 0x0000000000000400 rw !x
*default*        0x0000000000000000 0xffffffffffffffff

Linker script and memory map

LOAD /usr/lib/gcc/avr/7.3.0/../../../avr/lib/avr5/crtatmega16.o
LOAD ./Src/MCAL/Timer0/Timer0_Program.o
LOAD ./Src/MCAL/GIE/GIE_Program.o
LOAD ./Src/MCAL/EXTI/EXTI_Program.o
LOAD ./Src/MCAL/DIO/DIO_Program.o
LOAD ./Src/MCAL/ADC/ADC_Program.o
LOAD ./Src/HAL/LCD/LCD_Program.o
LOAD ./Src/main.o
START GROUP
LOAD /usr/lib/gcc/avr/7.3.0/avr5/libgcc.a
LOAD /usr/lib/gcc/avr/7.3.0/../../../avr/lib/avr5/libm.a
LOAD /usr/lib/gcc/avr/7.3.0/../../../avr/lib/avr5/libc.a
LOAD /usr/lib/gcc/avr/7.3.0/../../../avr/lib/avr5/libatmega16.a
END GROUP
                0x0000000000000000                __TEXT_REGION_ORIGIN__ = DEFINED (__TEXT_REGION_ORIGIN__)?__TEXT_REGION_ORIGIN__:0x0
                [0x0000000000800060]                __DATA_REGION_ORIGIN__ = DEFINED (__DATA_REGION_ORIGIN__)?__DATA_REGION_ORIGIN__:0x800060
                [0x0000000000004000]                __TEXT_REGION_LENGTH__ = DEFINED (__TEXT_REGION_LENGTH__)?__TEXT_REGION_LENGTH__:0x20000
                [0x0000000000000400]                __DATA_REGION_LENGTH__ = DEFINED (__DATA_REGION_LENGTH__)?__DATA_REGION_LENGTH__:0xffa0
                [0x0000000000000200]                __EEPROM_REGION_LENGTH__ = DEFINED (__EEPROM_REGION_LENGTH__)?__EEPROM_REGION_LENGTH__:0x10000
                [0x0000000000000002]                __FUSE_REGION_LENGTH__ = DEFINED (__FUSE_REGION_LENGTH__)?__FUSE_REGION_LENGTH__:0x400
                0x0000000000000400                __LOCK_REGION_LENGTH__ = DEFINED (__LOCK_REGION_LENGTH__)?__LOCK_REGION_LENGTH__:0x400
                0x0000000000000400                __SIGNATURE_REGION_LENGTH__ = DEFINED (__SIGNATURE_REGION_LENGTH__)?__SIGNATURE_REGION_LENGTH__:0x400
                0x0000000000000400                __USER_SIGNATURE_REGION_LENGTH__ = DEFINED (__USER_SIGNATURE_REGION_LENGTH__)?__USER_SIGNATURE_REGION_LENGTH__:0x400

.hash
 *(.hash)

.dynsym
 *(.dynsym)

.dynstr
 *(.dynstr)

.gnu.version
 *(.gnu.version)

.gnu.version_d
 *(.gnu.version_d)

.gnu.version_r
 *(.gnu.version_r)

.rel.init
 *(.rel.init)

.rela.init
 *(.rela.init)

.rel.text
 *(.rel.text)
 *(.rel.text.*)
 *(.rel.gnu.linkonce.t*)

.rela.text
 *(.rela.text)
 *(.rela.text.*)
 *(.rela.gnu.linkonce.t*)

.rel.fini
 *(.rel.fini)

.rela.fini
 *(.rela.fini)

.rel.rodata
 *(.rel.rodata)
 *(.rel.rodata.*)
 *(.rel.gnu.linkonce.r*)

.rela.rodata
 *(.rela.rodata)
 *(.rela.rodata.*)
 *(.rela.gnu.linkonce.r*)

.rel.data
 *(.rel.data)
 *(.rel.data.*)
 *(.rel.gnu.linkonce.d*)

.rela.data
 *(.rela.data)
 *(.rela.data.*)
 *(.rela.gnu.linkonce.d*)

.rel.ctors
 *(.rel.ctors)

.rela.ctors
 *(.rela.ctors)

.rel.dtors
 *(.rel.dtors)

.rela.dtors
 *(.rela.dtors)

.rel.got
 *(.rel.got)

.rela.got
 *(.rela.got)

.rel.bss
 *(.rel.bss)

.rela.bss
 *(.rela.bss)

.rel.plt
 *(.rel.plt)

.rela.plt
 *(.rela.plt)

.text           0x0000000000000000     0x1506
 *(.vectors)
 .vectors       0x0000000000000000       0x54 /usr/lib/gcc/avr/7.3.0/../../../avr/lib/avr5/crtatmega16.o
                0x0000000000000000                __vectors
                0x0000000000000000                __vector_default
 *(.vectors)
 *(.progmem.gcc*)
                0x0000000000000054                . = ALIGN (0x2)
                0x0000000000000054                __trampolines_start = .
 *(.trampolines)
 .trampolines   0x0000000000000054        0x0 linker stubs
 *(.trampolines*)
                0x0000000000000054                __trampolines_end = .
 *libprintf_flt.a:*(.progmem.data)
 *libc.a:*(.progmem.data)
 *(.progmem*)
                0x0000000000000054                . = ALIGN (0x2)
 *(.jumptables)
 *(.jumptables*)
 *(.lowtext)
 *(.lowtext*)
                0x0000000000000054                __ctors_start = .
 *(.ctors)
                0x0000000000000054                __ctors_end = .
                0x0000000000000054                __dtors_start = .
 *(.dtors)
                0x0000000000000054                __dtors_end = .
 SORT(*)(.ctors)
 SORT(*)(.dtors)
 *(.init0)
 .init0         0x0000000000000054        0x0 /usr/lib/gcc/avr/7.3.0/../../../avr/lib/avr5/crtatmega16.o
                0x0000000000000054                __init
 *(.init0)
 *(.init1)
 *(.init1)
 *(.init2)
 .init2         0x0000000000000054        0xc /usr/lib/gcc/avr/7.3.0/../../../avr/lib/avr5/crtatmega16.o
 *(.init2)
 *(.init3)
 *(.init3)
 *(.init4)
 .init4         0x0000000000000060       0x10 /usr/lib/gcc/avr/7.3.0/avr5/libgcc.a(_clear_bss.o)
                0x0000000000000060                __do_clear_bss
 *(.init4)
 *(.init5)
 *(.init5)
 *(.init6)
 *(.init6)
 *(.init7)
 *(.init7)
 *(.init8)
 *(.init8)
 *(.init9)
 .init9         0x0000000000000070        0x8 /usr/lib/gcc/avr/7.3.0/../../../avr/lib/avr5/crtatmega16.o
 *(.init9)
 *(.text)
 .text          0x0000000000000078        0x4 /usr/lib/gcc/avr/7.3.0/../../../avr/lib/avr5/crtatmega16.o
                0x0000000000000078                __vector_1
                0x0000000000000078                __vector_12
                0x0000000000000078                __bad_interrupt
                0x0000000000000078                __vector_6
                0x0000000000000078                __vector_3
                0x0000000000000078                __vector_13
                0x0000000000000078                __vector_17
                0x0000000000000078                __vector_19
                0x0000000000000078                __vector_7
                0x0000000000000078                __vector_5
                0x0000000000000078                __vector_4
                0x0000000000000078                __vector_9
                0x0000000000000078                __vector_2
                0x0000000000000078                __vector_15
                0x0000000000000078                __vector_8
                0x0000000000000078                __vector_14
                0x0000000000000078                __vector_16
                0x0000000000000078                __vector_18
                0x0000000000000078                __vector_20
 .text          0x000000000000007c        0x0 ./Src/MCAL/Timer0/Timer0_Program.o
 .text          0x000000000000007c        0x0 ./Src/MCAL/GIE/GIE_Program.o
 .text          0x000000000000007c        0x0 ./Src/MCAL/EXTI/EXTI_Program.o
 .text          0x000000000000007c        0x0 ./Src/MCAL/DIO/DIO_Program.o
 .text          0x000000000000007c        0x0 ./Src/MCAL/ADC/ADC_Program.o
 .text          0x000000000000007c        0x0 ./Src/HAL/LCD/LCD_Program.o
 .text          0x000000000000007c        0x0 ./Src/main.o
 .text          0x000000000000007c        0x0 /usr/lib/gcc/avr/7.3.0/avr5/libgcc.a(_exit.o)
 .text          0x000000000000007c        0x0 /usr/lib/gcc/avr/7.3.0/avr5/libgcc.a(_clear_bss.o)
 .text          0x000000000000007c        0x0 /usr/lib/gcc/avr/7.3.0/../../../avr/lib/avr5/libm.a(cmpsf2.o)
 .text          0x000000000000007c        0x0 /usr/lib/gcc/avr/7.3.0/../../../avr/lib/avr5/libm.a(fixunssfsi.o)
 .text          0x000000000000007c        0x0 /usr/lib/gcc/avr/7.3.0/../../../avr/lib/avr5/libm.a(fp_cmp.o)
 .text          0x000000000000007c        0x0 /usr/lib/gcc/avr/7.3.0/../../../avr/lib/avr5/libm.a(fp_split3.o)
 .text          0x000000000000007c        0x0 /usr/lib/gcc/avr/7.3.0/../../../avr/lib/avr5/libm.a(fp_zero.o)
 .text          0x000000000000007c        0x0 /usr/lib/gcc/avr/7.3.0/../../../avr/lib/avr5/libm.a(gesf2.o)
 .text          0x000000000000007c        0x0 /usr/lib/gcc/avr/7.3.0/../../../avr/lib/avr5/libm.a(mulsf3.o)
 .text          0x000000000000007c        0x0 /usr/lib/gcc/avr/7.3.0/../../../avr/lib/avr5/libm.a(mulsf3x.o)
 .text          0x000000000000007c        0x0 /usr/lib/gcc/avr/7.3.0/../../../avr/lib/avr5/libm.a(fp_inf.o)
 .text          0x000000000000007c        0x0 /usr/lib/gcc/avr/7.3.0/../../../avr/lib/avr5/libm.a(fp_nan.o)
 .text          0x000000000000007c        0x0 /usr/lib/gcc/avr/7.3.0/../../../avr/lib/avr5/libm.a(fp_pscA.o)
 .text          0x000000000000007c        0x0 /usr/lib/gcc/avr/7.3.0/../../../avr/lib/avr5/libm.a(fp_pscB.o)
 .text          0x000000000000007c        0x0 /usr/lib/gcc/avr/7.3.0/../../../avr/lib/avr5/libm.a(fp_round.o)
                0x000000000000007c                . = ALIGN (0x2)
 *(.text.*)
 .text.mTimer0_InitNormalMode
                0x000000000000007c       0x74 ./Src/MCAL/Timer0/Timer0_Program.o
                0x000000000000007c                mTimer0_InitNormalMode
 .text.__vector_11
                0x00000000000000f0       0xb0 ./Src/MCAL/Timer0/Timer0_Program.o
                0x00000000000000f0                __vector_11
 .text.mTimer0_InitCTCMode
                0x00000000000001a0       0x74 ./Src/MCAL/Timer0/Timer0_Program.o
                0x00000000000001a0                mTimer0_InitCTCMode
 .text.__vector_10
                0x0000000000000214       0xa6 ./Src/MCAL/Timer0/Timer0_Program.o
                0x0000000000000214                __vector_10
 .text.mGIE_Enable
                0x00000000000002ba       0x22 ./Src/MCAL/GIE/GIE_Program.o
                0x00000000000002ba                mGIE_Enable
 .text.mGIE_Disable
                0x00000000000002dc       0x22 ./Src/MCAL/GIE/GIE_Program.o
                0x00000000000002dc                mGIE_Disable
 .text.mEXTI0_Enable
                0x00000000000002fe       0x16 ./Src/MCAL/EXTI/EXTI_Program.o
                0x00000000000002fe                mEXTI0_Enable
 .text.mEXTI1_Enable
                0x0000000000000314       0x16 ./Src/MCAL/EXTI/EXTI_Program.o
                0x0000000000000314                mEXTI1_Enable
 .text.mEXTI2_Enable
                0x000000000000032a       0x5a ./Src/MCAL/EXTI/EXTI_Program.o
                0x000000000000032a                mEXTI2_Enable
 .text.mDIO_ChangeDirectionForPin
                0x0000000000000384      0x1ec ./Src/MCAL/DIO/DIO_Program.o
                0x0000000000000384                mDIO_ChangeDirectionForPin
 .text.mDIO_WriteValueForPin
                0x0000000000000570      0x1ec ./Src/MCAL/DIO/DIO_Program.o
                0x0000000000000570                mDIO_WriteValueForPin
 .text.mDIO_ReadValueFromPin
                0x000000000000075c       0xd4 ./Src/MCAL/DIO/DIO_Program.o
                0x000000000000075c                mDIO_ReadValueFromPin
 .text.mDIO_ChangeDirectionforGroup
                0x0000000000000830       0x6e ./Src/MCAL/DIO/DIO_Program.o
                0x0000000000000830                mDIO_ChangeDirectionforGroup
 .text.mDIO_WriteValueForGroup
                0x000000000000089e       0x6e ./Src/MCAL/DIO/DIO_Program.o
                0x000000000000089e                mDIO_WriteValueForGroup
 .text.mDIO_ReadValueFromGroup
                0x000000000000090c       0x6c ./Src/MCAL/DIO/DIO_Program.o
                0x000000000000090c                mDIO_ReadValueFromGroup
 .text.mADC_Init
                0x0000000000000978       0xb2 ./Src/MCAL/ADC/ADC_Program.o
                0x0000000000000978                mADC_Init
 .text.mADC_SignleEndedConversion
                0x0000000000000a2a       0x76 ./Src/MCAL/ADC/ADC_Program.o
                0x0000000000000a2a                mADC_SignleEndedConversion
 .text.hLCD_Init
                0x0000000000000aa0      0x56c ./Src/HAL/LCD/LCD_Program.o
                0x0000000000000aa0                hLCD_Init
 .text.hLCD_SendCommand
                0x000000000000100c       0x46 ./Src/HAL/LCD/LCD_Program.o
                0x000000000000100c                hLCD_SendCommand
 .text.hLCD_SendChar
                0x0000000000001052       0x46 ./Src/HAL/LCD/LCD_Program.o
                0x0000000000001052                hLCD_SendChar
 .text.hLCD_SendString
                0x0000000000001098       0x5c ./Src/HAL/LCD/LCD_Program.o
                0x0000000000001098                hLCD_SendString
 .text.hLCD_MoveCursor
                0x00000000000010f4      0x13a ./Src/HAL/LCD/LCD_Program.o
                0x00000000000010f4                hLCD_MoveCursor
 .text.main     0x000000000000122e       0x66 ./Src/main.o
                0x000000000000122e                main
 .text.aLed_Action1
                0x0000000000001294       0x38 ./Src/main.o
                0x0000000000001294                aLed_Action1
 .text.libgcc.mul
                0x00000000000012cc        0x0 /usr/lib/gcc/avr/7.3.0/avr5/libgcc.a(_exit.o)
 .text.libgcc.div
                0x00000000000012cc        0x0 /usr/lib/gcc/avr/7.3.0/avr5/libgcc.a(_exit.o)
 .text.libgcc   0x00000000000012cc        0x0 /usr/lib/gcc/avr/7.3.0/avr5/libgcc.a(_exit.o)
 .text.libgcc.prologue
                0x00000000000012cc        0x0 /usr/lib/gcc/avr/7.3.0/avr5/libgcc.a(_exit.o)
 .text.libgcc.builtins
                0x00000000000012cc        0x0 /usr/lib/gcc/avr/7.3.0/avr5/libgcc.a(_exit.o)
 .text.libgcc.fmul
                0x00000000000012cc        0x0 /usr/lib/gcc/avr/7.3.0/avr5/libgcc.a(_exit.o)
 .text.libgcc.fixed
                0x00000000000012cc        0x0 /usr/lib/gcc/avr/7.3.0/avr5/libgcc.a(_exit.o)
 .text.libgcc.mul
                0x00000000000012cc        0x0 /usr/lib/gcc/avr/7.3.0/avr5/libgcc.a(_clear_bss.o)
 .text.libgcc.div
                0x00000000000012cc        0x0 /usr/lib/gcc/avr/7.3.0/avr5/libgcc.a(_clear_bss.o)
 .text.libgcc   0x00000000000012cc        0x0 /usr/lib/gcc/avr/7.3.0/avr5/libgcc.a(_clear_bss.o)
 .text.libgcc.prologue
                0x00000000000012cc        0x0 /usr/lib/gcc/avr/7.3.0/avr5/libgcc.a(_clear_bss.o)
 .text.libgcc.builtins
                0x00000000000012cc        0x0 /usr/lib/gcc/avr/7.3.0/avr5/libgcc.a(_clear_bss.o)
 .text.libgcc.fmul
                0x00000000000012cc        0x0 /usr/lib/gcc/avr/7.3.0/avr5/libgcc.a(_clear_bss.o)
 .text.libgcc.fixed
                0x00000000000012cc        0x0 /usr/lib/gcc/avr/7.3.0/avr5/libgcc.a(_clear_bss.o)
 .text.avr-libc.fplib
                0x00000000000012cc        0xa /usr/lib/gcc/avr/7.3.0/../../../avr/lib/avr5/libm.a(cmpsf2.o)
                0x00000000000012cc                __lesf2
                0x00000000000012cc                __nesf2
                0x00000000000012cc                __eqsf2
                0x00000000000012cc                __cmpsf2
                0x00000000000012cc                __ltsf2
 .text.avr-libc.fplib
                0x00000000000012d6       0x5e /usr/lib/gcc/avr/7.3.0/../../../avr/lib/avr5/libm.a(fixunssfsi.o)
                0x00000000000012d6                __fixunssfsi
 .text.avr-libc.fplib
                0x0000000000001334       0x48 /usr/lib/gcc/avr/7.3.0/../../../avr/lib/avr5/libm.a(fp_cmp.o)
                0x0000000000001334                __fp_cmp
 .text.avr-libc.fplib
                0x000000000000137c       0x44 /usr/lib/gcc/avr/7.3.0/../../../avr/lib/avr5/libm.a(fp_split3.o)
                0x000000000000137c                __fp_split3
                0x000000000000138c                __fp_splitA
 .text.avr-libc.fplib
                0x00000000000013c0        0xe /usr/lib/gcc/avr/7.3.0/../../../avr/lib/avr5/libm.a(fp_zero.o)
                0x00000000000013c0                __fp_zero
                0x00000000000013c2                __fp_szero
 .text.avr-libc.fplib
                0x00000000000013ce        0xa /usr/lib/gcc/avr/7.3.0/../../../avr/lib/avr5/libm.a(gesf2.o)
                0x00000000000013ce                __gtsf2
                0x00000000000013ce                __gesf2
 .text.avr-libc.fplib
                0x00000000000013d8        0x8 /usr/lib/gcc/avr/7.3.0/../../../avr/lib/avr5/libm.a(mulsf3.o)
                0x00000000000013d8                __mulsf3
 .text.avr-libc.fplib
                0x00000000000013e0       0xd2 /usr/lib/gcc/avr/7.3.0/../../../avr/lib/avr5/libm.a(mulsf3x.o)
                0x00000000000013fe                __mulsf3x
                0x0000000000001404                __mulsf3_pse
 .text.avr-libc.fplib
                0x00000000000014b2        0xc /usr/lib/gcc/avr/7.3.0/../../../avr/lib/avr5/libm.a(fp_inf.o)
                0x00000000000014b2                __fp_inf
 .text.avr-libc.fplib
                0x00000000000014be        0x6 /usr/lib/gcc/avr/7.3.0/../../../avr/lib/avr5/libm.a(fp_nan.o)
                0x00000000000014be                __fp_nan
 .text.avr-libc.fplib
                0x00000000000014c4        0xe /usr/lib/gcc/avr/7.3.0/../../../avr/lib/avr5/libm.a(fp_pscA.o)
                0x00000000000014c4                __fp_pscA
 .text.avr-libc.fplib
                0x00000000000014d2        0xe /usr/lib/gcc/avr/7.3.0/../../../avr/lib/avr5/libm.a(fp_pscB.o)
                0x00000000000014d2                __fp_pscB
 .text.avr-libc.fplib
                0x00000000000014e0       0x22 /usr/lib/gcc/avr/7.3.0/../../../avr/lib/avr5/libm.a(fp_round.o)
                0x00000000000014e0                __fp_round
                0x0000000000001502                . = ALIGN (0x2)
 *(.fini9)
 .fini9         0x0000000000001502        0x0 /usr/lib/gcc/avr/7.3.0/avr5/libgcc.a(_exit.o)
                0x0000000000001502                exit
                0x0000000000001502                _exit
 *(.fini9)
 *(.fini8)
 *(.fini8)
 *(.fini7)
 *(.fini7)
 *(.fini6)
 *(.fini6)
 *(.fini5)
 *(.fini5)
 *(.fini4)
 *(.fini4)
 *(.fini3)
 *(.fini3)
 *(.fini2)
 *(.fini2)
 *(.fini1)
 *(.fini1)
 *(.fini0)
 .fini0         0x0000000000001502        0x4 /usr/lib/gcc/avr/7.3.0/avr5/libgcc.a(_exit.o)
 *(.fini0)
                0x0000000000001506                _etext = .

.data           0x0000000000800060        0x0 load address 0x0000000000001506
                [!provide]                        PROVIDE (__data_start, .)
 *(.data)
 .data          0x0000000000800060        0x0 /usr/lib/gcc/avr/7.3.0/../../../avr/lib/avr5/crtatmega16.o
 .data          0x0000000000800060        0x0 ./Src/MCAL/Timer0/Timer0_Program.o
 .data          0x0000000000800060        0x0 ./Src/MCAL/GIE/GIE_Program.o
 .data          0x0000000000800060        0x0 ./Src/MCAL/EXTI/EXTI_Program.o
 .data          0x0000000000800060        0x0 ./Src/MCAL/DIO/DIO_Program.o
 .data          0x0000000000800060        0x0 ./Src/MCAL/ADC/ADC_Program.o
 .data          0x0000000000800060        0x0 ./Src/HAL/LCD/LCD_Program.o
 .data          0x0000000000800060        0x0 ./Src/main.o
 .data          0x0000000000800060        0x0 /usr/lib/gcc/avr/7.3.0/avr5/libgcc.a(_exit.o)
 .data          0x0000000000800060        0x0 /usr/lib/gcc/avr/7.3.0/avr5/libgcc.a(_clear_bss.o)
 .data          0x0000000000800060        0x0 /usr/lib/gcc/avr/7.3.0/../../../avr/lib/avr5/libm.a(cmpsf2.o)
 .data          0x0000000000800060        0x0 /usr/lib/gcc/avr/7.3.0/../../../avr/lib/avr5/libm.a(fixunssfsi.o)
 .data          0x0000000000800060        0x0 /usr/lib/gcc/avr/7.3.0/../../../avr/lib/avr5/libm.a(fp_cmp.o)
 .data          0x0000000000800060        0x0 /usr/lib/gcc/avr/7.3.0/../../../avr/lib/avr5/libm.a(fp_split3.o)
 .data          0x0000000000800060        0x0 /usr/lib/gcc/avr/7.3.0/../../../avr/lib/avr5/libm.a(fp_zero.o)
 .data          0x0000000000800060        0x0 /usr/lib/gcc/avr/7.3.0/../../../avr/lib/avr5/libm.a(gesf2.o)
 .data          0x0000000000800060        0x0 /usr/lib/gcc/avr/7.3.0/../../../avr/lib/avr5/libm.a(mulsf3.o)
 .data          0x0000000000800060        0x0 /usr/lib/gcc/avr/7.3.0/../../../avr/lib/avr5/libm.a(mulsf3x.o)
 .data          0x0000000000800060        0x0 /usr/lib/gcc/avr/7.3.0/../../../avr/lib/avr5/libm.a(fp_inf.o)
 .data          0x0000000000800060        0x0 /usr/lib/gcc/avr/7.3.0/../../../avr/lib/avr5/libm.a(fp_nan.o)
 .data          0x0000000000800060        0x0 /usr/lib/gcc/avr/7.3.0/../../../avr/lib/avr5/libm.a(fp_pscA.o)
 .data          0x0000000000800060        0x0 /usr/lib/gcc/avr/7.3.0/../../../avr/lib/avr5/libm.a(fp_pscB.o)
 .data          0x0000000000800060        0x0 /usr/lib/gcc/avr/7.3.0/../../../avr/lib/avr5/libm.a(fp_round.o)
 *(.data*)
 *(.gnu.linkonce.d*)
 *(.rodata)
 *(.rodata*)
 *(.gnu.linkonce.r*)
                0x0000000000800060                . = ALIGN (0x2)
                0x0000000000800060                _edata = .
                [!provide]                        PROVIDE (__data_end, .)

.bss            0x0000000000800060        0x9
                0x0000000000800060                PROVIDE (__bss_start, .)
 *(.bss)
 .bss           0x0000000000800060        0x0 /usr/lib/gcc/avr/7.3.0/../../../avr/lib/avr5/crtatmega16.o
 .bss           0x0000000000800060        0x0 ./Src/MCAL/Timer0/Timer0_Program.o
 .bss           0x0000000000800060        0x0 ./Src/MCAL/GIE/GIE_Program.o
 .bss           0x0000000000800060        0x0 ./Src/MCAL/EXTI/EXTI_Program.o
 .bss           0x0000000000800060        0x0 ./Src/MCAL/DIO/DIO_Program.o
 .bss           0x0000000000800060        0x0 ./Src/MCAL/ADC/ADC_Program.o
 .bss           0x0000000000800060        0x0 ./Src/HAL/LCD/LCD_Program.o
 .bss           0x0000000000800060        0x0 ./Src/main.o
 .bss           0x0000000000800060        0x0 /usr/lib/gcc/avr/7.3.0/avr5/libgcc.a(_exit.o)
 .bss           0x0000000000800060        0x0 /usr/lib/gcc/avr/7.3.0/avr5/libgcc.a(_clear_bss.o)
 .bss           0x0000000000800060        0x0 /usr/lib/gcc/avr/7.3.0/../../../avr/lib/avr5/libm.a(cmpsf2.o)
 .bss           0x0000000000800060        0x0 /usr/lib/gcc/avr/7.3.0/../../../avr/lib/avr5/libm.a(fixunssfsi.o)
 .bss           0x0000000000800060        0x0 /usr/lib/gcc/avr/7.3.0/../../../avr/lib/avr5/libm.a(fp_cmp.o)
 .bss           0x0000000000800060        0x0 /usr/lib/gcc/avr/7.3.0/../../../avr/lib/avr5/libm.a(fp_split3.o)
 .bss           0x0000000000800060        0x0 /usr/lib/gcc/avr/7.3.0/../../../avr/lib/avr5/libm.a(fp_zero.o)
 .bss           0x0000000000800060        0x0 /usr/lib/gcc/avr/7.3.0/../../../avr/lib/avr5/libm.a(gesf2.o)
 .bss           0x0000000000800060        0x0 /usr/lib/gcc/avr/7.3.0/../../../avr/lib/avr5/libm.a(mulsf3.o)
 .bss           0x0000000000800060        0x0 /usr/lib/gcc/avr/7.3.0/../../../avr/lib/avr5/libm.a(mulsf3x.o)
 .bss           0x0000000000800060        0x0 /usr/lib/gcc/avr/7.3.0/../../../avr/lib/avr5/libm.a(fp_inf.o)
 .bss           0x0000000000800060        0x0 /usr/lib/gcc/avr/7.3.0/../../../avr/lib/avr5/libm.a(fp_nan.o)
 .bss           0x0000000000800060        0x0 /usr/lib/gcc/avr/7.3.0/../../../avr/lib/avr5/libm.a(fp_pscA.o)
 .bss           0x0000000000800060        0x0 /usr/lib/gcc/avr/7.3.0/../../../avr/lib/avr5/libm.a(fp_pscB.o)
 .bss           0x0000000000800060        0x0 /usr/lib/gcc/avr/7.3.0/../../../avr/lib/avr5/libm.a(fp_round.o)
 *(.bss*)
 .bss.Count.1503
                0x0000000000800060        0x4 ./Src/MCAL/Timer0/Timer0_Program.o
 .bss.Count.1511
                0x0000000000800064        0x4 ./Src/MCAL/Timer0/Timer0_Program.o
 .bss.State.1830
                0x0000000000800068        0x1 ./Src/main.o
 *(COMMON)
                0x0000000000800069                PROVIDE (__bss_end, .)
                0x0000000000001506                __data_load_start = LOADADDR (.data)
                0x0000000000001506                __data_load_end = (__data_load_start + SIZEOF (.data))

.noinit         0x0000000000800069        0x0
                [!provide]                        PROVIDE (__noinit_start, .)
 *(.noinit*)
                [!provide]                        PROVIDE (__noinit_end, .)
                0x0000000000800069                _end = .
                [!provide]                        PROVIDE (__heap_start, .)

.eeprom         0x0000000000810000        0x0
 *(.eeprom*)
                0x0000000000810000                __eeprom_end = .

.fuse
 *(.fuse)
 *(.lfuse)
 *(.hfuse)
 *(.efuse)

.lock
 *(.lock*)

.signature
 *(.signature*)

.user_signatures
 *(.user_signatures*)

.stab           0x0000000000000000     0x26c4
 *(.stab)
 .stab          0x0000000000000000      0x60c ./Src/MCAL/Timer0/Timer0_Program.o
 .stab          0x000000000000060c      0x324 ./Src/MCAL/GIE/GIE_Program.o
                                        0x498 (size before relaxing)
 .stab          0x0000000000000930      0x378 ./Src/MCAL/EXTI/EXTI_Program.o
                                        0x4ec (size before relaxing)
 .stab          0x0000000000000ca8      0x7e0 ./Src/MCAL/DIO/DIO_Program.o
                                        0x954 (size before relaxing)
 .stab          0x0000000000001488      0x3c0 ./Src/MCAL/ADC/ADC_Program.o
                                        0x534 (size before relaxing)
 .stab          0x0000000000001848      0x9fc ./Src/HAL/LCD/LCD_Program.o
                                        0xb70 (size before relaxing)
 .stab          0x0000000000002244      0x480 ./Src/main.o
                                        0x624 (size before relaxing)

.stabstr        0x0000000000000000     0x123a
 *(.stabstr)
 .stabstr       0x0000000000000000     0x123a ./Src/MCAL/Timer0/Timer0_Program.o

.stab.excl
 *(.stab.excl)

.stab.exclstr
 *(.stab.exclstr)

.stab.index
 *(.stab.index)

.stab.indexstr
 *(.stab.indexstr)

.comment        0x0000000000000000       0x11
 *(.comment)
 .comment       0x0000000000000000       0x11 ./Src/MCAL/Timer0/Timer0_Program.o
                                         0x12 (size before relaxing)
 .comment       0x0000000000000011       0x12 ./Src/MCAL/GIE/GIE_Program.o
 .comment       0x0000000000000011       0x12 ./Src/MCAL/EXTI/EXTI_Program.o
 .comment       0x0000000000000011       0x12 ./Src/MCAL/DIO/DIO_Program.o
 .comment       0x0000000000000011       0x12 ./Src/MCAL/ADC/ADC_Program.o
 .comment       0x0000000000000011       0x12 ./Src/HAL/LCD/LCD_Program.o
 .comment       0x0000000000000011       0x12 ./Src/main.o

.note.gnu.avr.deviceinfo
                0x0000000000000000       0x3c
 .note.gnu.avr.deviceinfo
                0x0000000000000000       0x3c /usr/lib/gcc/avr/7.3.0/../../../avr/lib/avr5/crtatmega16.o

.note.gnu.build-id
 *(.note.gnu.build-id)

.debug
 *(.debug)

.line
 *(.line)

.debug_srcinfo
 *(.debug_srcinfo)

.debug_sfnames
 *(.debug_sfnames)

.debug_aranges
 *(.debug_aranges)

.debug_pubnames
 *(.debug_pubnames)

.debug_info     0x0000000000000000      0x52e
 *(.debug_info .gnu.linkonce.wi.*)
 .debug_info    0x0000000000000000      0x52e /usr/lib/gcc/avr/7.3.0/../../../avr/lib/avr5/crtatmega16.o

.debug_abbrev   0x0000000000000000      0x4e7
 *(.debug_abbrev)
 .debug_abbrev  0x0000000000000000      0x4e7 /usr/lib/gcc/avr/7.3.0/../../../avr/lib/avr5/crtatmega16.o

.debug_line     0x0000000000000000       0x1a
 *(.debug_line .debug_line.* .debug_line_end)
 .debug_line    0x0000000000000000       0x1a /usr/lib/gcc/avr/7.3.0/../../../avr/lib/avr5/crtatmega16.o

.debug_frame
 *(.debug_frame)

.debug_str      0x0000000000000000      0x1af
 *(.debug_str)
 .debug_str     0x0000000000000000      0x1af /usr/lib/gcc/avr/7.3.0/../../../avr/lib/avr5/crtatmega16.o

.debug_loc
 *(.debug_loc)

.debug_macinfo
 *(.debug_macinfo)

.debug_weaknames
 *(.debug_weaknames)

.debug_funcnames
 *(.debug_funcnames)

.debug_typenames
 *(.debug_typenames)

.debug_varnames
 *(.debug_varnames)

.debug_pubtypes
 *(.debug_pubtypes)

.debug_ranges
 *(.debug_ranges)

.debug_macro
 *(.debug_macro)
OUTPUT(Timers.elf elf32-avr)
LOAD linker stubs
